---
source: crates/cli/src/test.rs
expression: content
---
use crate::prelude::*;

use std::str::FromStr;

/// Doc about AaaaStructA
#[derive(Clone, Debug)]
pub struct AaaaStructA;
