---
source: crates/cli/src/test.rs
expression: content
---
use crate::prelude::*;

pub type Magic = u8;
