---
source: crates/cli/src/test.rs
expression: content
---
use crate::prelude::*;

/// Doc about global gen magic
pub fn global_gen_magic<T>(magic: T) -> T {
    magic
}
